18:12:57 **** Build of configuration Debug for project 004PlayingWithTheOnBoardLED ****
make -j12 all 
arm-none-eabi-gcc "../Src/main.c" -mcpu=cortex-m4 -std=gnu11 -g -DSTM32 -DSTM32F407G_DISC1 -DSTM32F4 -DSTM32F407VGTx -DDEBUG -c -I../Inc -O1 -ffunction-sections -fdata-sections -Wall -fstack-usage -MMD -MP -MF"Src/main.d" -MT"Src/main.o" --specs=nano.specs -mfpu=fpv4-sp-d16 -mfloat-abi=hard -mthumb -o "Src/main.o"
../Src/main.c: In function 'main':
../Src/main.c:19:12: warning: unused variable 'pPortAInreg' [-Wunused-variable]
  uint32_t* pPortAInreg = (uint32_t*)(0x40020010);  // GPIO A Input Data Mode
            ^~~~~~~~~~~
arm-none-eabi-gcc -o "004PlayingWithTheOnBoardLED.elf" @"objects.list"   -mcpu=cortex-m4 -T"C:\Users\vhs0104\Desktop\Github_for_STM32F4\stm32f4discoveryboard\Embedded_C\My_workspace\target\004PlayingWithTheOnBoardLED\STM32F407VGTX_FLASH.ld" --specs=nosys.specs -Wl,-Map="004PlayingWithTheOnBoardLED.map" -Wl,--gc-sections -static --specs=nano.specs -mfpu=fpv4-sp-d16 -mfloat-abi=hard -mthumb -Wl,--start-group -lc -lm -Wl,--end-group
Finished building target: 004PlayingWithTheOnBoardLED.elf
 
arm-none-eabi-objdump -h -S  004PlayingWithTheOnBoardLED.elf  > "004PlayingWithTheOnBoardLED.list"
arm-none-eabi-objcopy  -O binary  004PlayingWithTheOnBoardLED.elf  "004PlayingWithTheOnBoardLED.bin"
arm-none-eabi-size   004PlayingWithTheOnBoardLED.elf 
   text	   data	    bss	    dec	    hex	filename
    732	      8	   1568	   2308	    904	004PlayingWithTheOnBoardLED.elf
Finished building: default.size.stdout
 
Finished building: 004PlayingWithTheOnBoardLED.list
 
Finished building: 004PlayingWithTheOnBoardLED.bin
 

18:13:01 Build Finished. 0 errors, 1 warnings. (took 4s.610ms)

